[www.entyviohcp.com/index.html]
[backblue.gif]
[fade.gif]
[index.html]
[www.entyviohcp.com/Content/images/logos/Entyvio-logo_OG_image.png]
[www.entyviohcp.com/Content/images/logos/favicon.png]
[www.entyviohcp.com/Scripts/src/components/digitalData-Entyvio.js]
[assets.adobedtm.com/8fee56b0a165/6889643c630d/launch-bb8830cef805.min.js]
[www.entyviohcp.com/covid19.html]
[www.entyviohcp.com/Scripts/dist/mainbcc9.js]
[www.entyviohcp.com/Content/images/logos/logo-entyvio.svg]
[www.entyviohcp.com/clinical-efficacy/ulcerative-colitis/gemini-trial.html]
[www.entyviohcp.com/clinical-efficacy/ulcerative-colitis/varsity-trial.html]
[www.entyviohcp.com/clinical-efficacy/crohns-disease/entyvio-placebo-trial.html]
[www.entyviohcp.com/mechanism-of-action.html]
[www.entyviohcp.com/safety-profile.html]
[www.entyviohcp.com/dosing-administration.html]
[www.entyviohcp.com/access-support/insurance-support.html]
[www.entyviohcp.com/resources/professional-resources.html]
[www.entyviohcp.com/resources/virtual-congress.html]
[www.entyviohcp.com/resources/peer-perspective.html]
[www.entyviohcp.com/resources/request-a-representative.html]
[www.entyviohcp.com/resources/clinical-reprints.html]
[www.entyviohcp.com/resources/patient-resources.html]
[www.entyviohcp.com/Content/images/hero/desktop-home-ivette.png]
[www.entyviohcp.com/local-coverage/index.html]
[www.entyviohcp.com/Content/images/hero/desktop-home-doctor.png]
[www.entyviohcp.com/Content/images/backgrounds/homepage-doctor-selectivity.png]
[www.entyviohcp.com/Content/images/backgrounds/homepage-doctor-remission.png]
[www.entyviohcp.com/Content/images/backgrounds/homepage-doctor-safety.png]
[www.entyviohcp.com/Content/images/logos/logo-varsity-trial.png]
[www.entyviohcp.com/Content/images/graphics/new-milestones-banner.png]
[www.entyviohcp.com/Content/images/graphics/29k_icon.png]
[www.entyviohcp.com/Content/images/graphics/89_icon.png]
[www.entyviohcp.com/Content/images/logos/logo-takeda.svg]
[www.entyviohcp.com/index.html]
[www.entyviohcp.com/sitemap.html]
[www.entyviohcp.com/get]
[www.entyviohcp.com/helpers/getObjectProperty.js]
[assets.adobedtm.com/8fee56b0a165/6889643c630d/launch-bb8830cef805.min.js]
[www.googletagmanager.com/gtm5445.html]
[www.entyviohcp.com/covid19.html]
[www.entyviohcp.com/Content/images/logos/logo-entyvio.svg]
[www.entyviohcp.com/Content/images/hero/desktop-gemini-varsity-ed.png]
[www.entyviohcp.com/Content/images/hero/desktop-gemini-i-varsity-dosing-tricia.png]
[www.entyviohcp.com/Content/images/charts/mobile-gemini-clinical-remission.png]
[www.entyviohcp.com/Content/images/charts/mobile-gemini-endoscopic-improvement.png]
[www.entyviohcp.com/Content/images/charts/mobile-gemini-corticosteroid-free.png]
[www.entyviohcp.com/Content/images/charts/mobile-gemini-ccr-no-previous-anti-tnf-a.png]
[www.entyviohcp.com/Content/images/charts/mobile-gemini-crr-partial-mayo-score.png]
[www.entyviohcp.com/Content/images/charts/mobile-gemini-ltr-no-previous-anti-tnf-a.png]
[www.entyviohcp.com/Content/images/charts/mobile-gemini-ltr-endo-no-previous-anti-tnf-a.png]
[www.entyviohcp.com/Content/images/charts/gemini-trials-study-design.png]
[www.entyviohcp.com/clinical-efficacy/ulcerative-colitis/gemini-trial.html]
[www.entyviohcp.com/Content/images/logos/logo-varsity.svg]
[www.entyviohcp.com/Content/images/charts/mobile-varsity-clinical-remission.png]
[www.entyviohcp.com/Content/images/charts/mobile-varsity-endoscopic-improvement.png]
[www.entyviohcp.com/Content/images/charts/mobile-varsity-corticosteroid-free.png]
[www.entyviohcp.com/Content/images/charts/crr-partial-mayo-score.png]
[www.entyviohcp.com/Content/images/charts/mobile-ccr-overall-population.png]
[www.entyviohcp.com/Content/images/charts/mobile-ccr-no-previous-anti-tnf-a.png]
[www.entyviohcp.com/Content/images/charts/mobile-ltr-no-previous-anti-tnf-a.png]
[www.entyviohcp.com/Content/images/charts/mobile-varsity-endoscopic-improvement-rates.png]
[www.entyviohcp.com/Content/images/charts/mobile-varsity-clinical-remission-rates.png]
[www.entyviohcp.com/Content/images/charts/mobile-histologic-remission.png]
[www.entyviohcp.com/Content/images/tables/mobile-safety-differences.png]
[www.entyviohcp.com/Content/images/charts/varsity-trial-study-design.png]
[www.entyviohcp.com/Content/images/charts/mobile-pivotal-trial-1.png]
[www.entyviohcp.com/Content/images/charts/mobile-pivotal-trial-2.png]
[www.entyviohcp.com/clinical-efficacy/ulcerative-colitis/varsity-trial.html]
[www.entyviohcp.com/Content/images/hero/desktop-cdtrial-eva.png]
[www.entyviohcp.com/Content/images/hero/desktop-moa-rhitu.png]
[www.entyviohcp.com/Content/images/charts/mobile-cd-trials-t1-end-points.png]
[www.entyviohcp.com/Content/images/charts/mobile-cd-trials-t3-end-points.png]
[www.entyviohcp.com/Content/images/charts/mobile-cd-trials-t2-end-points.png]
[www.entyviohcp.com/Content/images/charts/mobile-cd-trials-t1-remission-rates.png]
[www.entyviohcp.com/Content/images/charts/mobile-cd-trials-t1-response-rates.png]
[www.entyviohcp.com/Content/images/charts/mobile-cd-trials-t3-remission-rates.png]
[www.entyviohcp.com/Content/images/charts/mobile-cd-trials-t3-response-rates.png]
[www.entyviohcp.com/Content/images/charts/mobile-cd-trials-t3-steroid-free.png]
[www.entyviohcp.com/Content/images/charts/cd-trials-t1-t3-study-design.png]
[www.entyviohcp.com/Content/images/charts/cd-trials-t2-study-design.png]
[www.entyviohcp.com/clinical-efficacy/crohns-disease/entyvio-placebo-trial.html]
[www.entyviohcp.com/Content/images/hero/desktop-moa-shuya.png]
[players.brightcove.net/2574028764001/SykGTiz2b_default/index.min.js]
[www.entyviohcp.com/Content/images/graphics/desktop-lymphocytes-inflammation.png]
[www.entyviohcp.com/Content/images/graphics/desktop-lymphocytes-gi-tissue.png]
[www.entyviohcp.com/Content/images/graphics/desktop-lymphocytes-entyvio-blocks.png]
[www.entyviohcp.com/Content/images/graphics/mobile-lymphocytes-inflammation-reduced.png]
[www.entyviohcp.com/Content/images/graphics/mobile-lymphocytes-inflammation.png]
[www.entyviohcp.com/mechanism-of-action.html]
[www.entyviohcp.com/Content/images/hero/desktop-safety-gladys.png]
[www.entyviohcp.com/Content/images/hero/desktop-safety-chris.png]
[www.entyviohcp.com/Content/images/icons/vs.svg]
[www.entyviohcp.com/Content/images/icons/five.svg]
[www.entyviohcp.com/Content/images/icons/arrows.svg]
[www.entyviohcp.com/Content/images/icons/seven.svg]
[www.entyviohcp.com/Content/images/tables/mobile-uc-cd-trials-adverse-events.jpg]
[www.entyviohcp.com/Content/images/icons/infections.svg]
[www.entyviohcp.com/Content/images/icons/safety-serious-infections.svg]
[www.entyviohcp.com/Content/images/icons/immunogenicity.svg]
[www.entyviohcp.com/Content/images/icons/brain.svg]
[www.entyviohcp.com/Content/images/icons/liver.svg]
[www.entyviohcp.com/Content/images/icons/malignancies.svg]
[www.entyviohcp.com/Content/images/icons/safety-adverse-reactions.svg]
[www.entyviohcp.com/Content/images/icons/safety-irrs.svg]
[www.entyviohcp.com/Content/images/graphics/baseline-characteristics-arrow-graphic.png]
[www.entyviohcp.com/Content/images/charts/mobile-adverse-event.png]
[www.entyviohcp.com/Content/images/charts/mobile-selected-adverse-event.png]
[www.entyviohcp.com/safety-profile.html]
[www.entyviohcp.com/Content/images/hero/desktop-dosing-daniel.png]
[www.entyviohcp.com/Content/images/icons/iv-week-0.svg]
[www.entyviohcp.com/Content/images/icons/iv-week-2.svg]
[www.entyviohcp.com/Content/images/icons/iv-week-6.svg]
[www.entyviohcp.com/Content/images/icons/iv-q8w.svg]
[www.entyviohcp.com/Content/images/icons/iv-bag.svg]
[www.entyviohcp.com/Content/images/icons/monitoring.svg]
[www.entyviohcp.com/Content/images/icons/rx.svg]
[www.entyviohcp.com/dosing-administration.html]
[www.entyviohcp.com/Content/images/icons/clipboard.svg]
[www.entyviohcp.com/Content/images/hero/entyvioconnect-bg.png]
[www.entyviohcp.com/Content/images/logos/logo-entyvioconnect.svg]
[www.entyviohcp.com/Content/pdf/EntyvioConnect-Enrollment-Form.pdf]
[www.entyviohcp.com/access-support/affordability.html]
[www.entyviohcp.com/access-support/patient-education.html]
[www.entyviohcp.com/access-support/forms-resources.html]
[www.entyviohcp.com/Content/images/graphics/entyvioconnect_insurance_support.png]
[www.entyviohcp.com/Content/images/icons/ec-phone.svg]
[www.entyviohcp.com/Content/pdf/Sample-Letter-of-Medical-Necessity.docx]
[www.entyviohcp.com/Content/pdf/Sample-Letter-of-Appeal.docx]
[www.entyviohcp.com/Content/pdf/Appeal-Letter-for-Rejected-Claim.docx]
[www.entyviohcp.com/Content/pdf/Entyvio-Reimbursement-Toolkit.pdf]
[www.entyviohcp.com/Content/pdf/Hospital-Outpatient-Sample-UB-04-Claim-Form.pdf]
[www.entyviohcp.com/Content/pdf/Hospital-Outpatient-Sample-UB-04-Claim-Form-Instructions.pdf]
[www.entyviohcp.com/Content/pdf/Physician-Office-Sample-CMS-1500-Claim-Form.pdf]
[www.entyviohcp.com/Content/pdf/Physician-Office-Sample-CMS-1500-Claim-Form-Instructions.pdf]
[www.entyviohcp.com/Content/images/charts/entyvioconnect-desktop-chart.png]
[www.entyviohcp.com/access-support/insurance-support.html]
[www.entyviohcp.com/Content/images/hero/desktop-resources-patient.png]
[www.entyviohcp.com/Content/images/hero/desktop-resources-stu.png]
[www.entyviohcp.com/Content/pdf/ACG-UC-Guidelines.pdf]
[www.entyviohcp.com/Content/images/icons/download-small.svg]
[www.entyviohcp.com/Content/pdf/GI-Perspective-Issue-1.pdf]
[www.entyviohcp.com/Content/pdf/GI-Perspective-Issue-2.pdf]
[www.entyviohcp.com/Content/pdf/CD-Leave-Behind.pdf]
[www.entyviohcp.com/Content/pdf/Patient-reported-Outcomes-Brochure.pdf]
[www.entyviohcp.com/resources/professional-resources.html]
[www.entyviohcp.com/Content/images/graphics/virtual-acg.jpg]
[www.entyviohcp.com/resources/virtual-congress.html]
[www.entyviohcp.com/Content/images/video-posters/video_01_poster.jpg]
[www.entyviohcp.com/Content/images/video-posters/video_02_poster.jpg]
[www.entyviohcp.com/Content/images/video-posters/video_03_poster.jpg]
[www.entyviohcp.com/Content/images/video-posters/video_04_poster.jpg]
[www.entyviohcp.com/resources/peer-perspective.html]
[www.entyviohcp.com/resources/request-a-representative.html]
[www.entyviohcp.com/resources/clinical-reprints.html]
[www.entyviohcp.com/Content/pdf/UC-Treatment-Options-Brochure.pdf]
[www.entyviohcp.com/Content/pdf/CD-Treatment-Options-Brochure.pdf]
[www.entyviohcp.com/Content/pdf/Entyvio-Patient-Brochure.pdf]
[www.entyviohcp.com/Content/pdf/Entyvio-Patient-Brochure-Spanish.pdf]
[www.entyviohcp.com/Content/pdf/Entyvio-Patient-Infusion-Guide.pdf]
[www.entyviohcp.com/Content/pdf/EntyvioConnect-Patient-Brochure.pdf]
[www.entyviohcp.com/resources/patient-resources.html]
[www.entyviohcp.com/local-coverage/favicon.ico]
[www.entyviohcp.com/local-coverage/_next/static/css/0f32b86eab8f4208ba22.css]
[www.entyviohcp.com/local-coverage/_next/static/css/97b3dddfef7c0134e510.css]
[www.entyviohcp.com/local-coverage/_next/static/chunks/main-8db7af9f0dfb8b947088.js]
[www.entyviohcp.com/local-coverage/_next/static/chunks/webpack-a26eb6582c25f09d2754.js]
[www.entyviohcp.com/local-coverage/_next/static/chunks/framework.418cf966c791d0d18665.js]
[www.entyviohcp.com/local-coverage/_next/static/chunks/commons.3bc79d102d505812d92d.js]
[www.entyviohcp.com/local-coverage/_next/static/chunks/f6078781a05fe1bcb0902d23dbbb2662c8d200b3.0b139e82975367935d55.js]
[www.entyviohcp.com/local-coverage/_next/static/chunks/pages/_app-9a4b1fa6ebd8cbcce79f.js]
[www.entyviohcp.com/local-coverage/_next/static/chunks/3c7ab785.f4085bceaa960223b445.js]
[www.entyviohcp.com/local-coverage/_next/static/chunks/ef0e3b0f.850a92fb4af11670bc93.js]
[www.entyviohcp.com/local-coverage/_next/static/chunks/ad7f724d.1ff75d439e4fd25b3f65.js]
[www.entyviohcp.com/local-coverage/_next/static/chunks/e78312c5.cd2916066eb4bcff9b32.js]
[www.entyviohcp.com/local-coverage/images/entyvio_connect_logo_2x.png]
[www.entyviohcp.com/local-coverage/images/takeda-logo-2x.png]
[assets.adobedtm.com/8fee56b0a165/6889643c630d/launch-77f46a9f3347-development.min.js]
[www.entyviohcp.com/local-coverage/_next/static/chunks/pages/index-629b7223086a46c3f90a.js]
[www.entyviohcp.com/local-coverage/images/entyvio-logo-color-2x.png]
[code.jquery.com/jquery-3.6.0.min.js]
[www.entyviohcp.com/local-coverage/_next/static/chunks/polyfills-0164f4930d833963d61f.js]
[www.entyviohcp.com/local-coverage/_next/static/la--oyiqCA4aGEFYQ2yXu/_buildManifest.js]
[www.entyviohcp.com/local-coverage/_next/static/la--oyiqCA4aGEFYQ2yXu/_ssgManifest.js]
[www.entyviohcp.com/local-coverage/index.html]
[www.entyviohcp.com/Content/images/logos/logo-takeda.svg]
[www.entyviohcp.com/sitemap.html]
[www.entyviohcp.com/Trident]
[www.entyviohcp.com/Trident/index.html]
[www.entyviohcp.com/get.html]
[www.entyviohcp.com/helpers/getObjectProperty.html]
[www.entyviohcp.com/Content/images/logos/logo-varsity.svg]
[www.entyviohcp.com/Content/images/icons/vs.svg]
[www.entyviohcp.com/Content/images/icons/five.svg]
[www.entyviohcp.com/Content/images/icons/arrows.svg]
[www.entyviohcp.com/Content/images/icons/seven.svg]
[www.entyviohcp.com/Content/images/icons/infections.svg]
[www.entyviohcp.com/Content/images/icons/safety-serious-infections.svg]
[www.entyviohcp.com/Content/images/icons/immunogenicity.svg]
[www.entyviohcp.com/Content/images/icons/brain.svg]
[www.entyviohcp.com/Content/images/icons/liver.svg]
[www.entyviohcp.com/Content/images/icons/malignancies.svg]
[www.entyviohcp.com/Content/images/icons/safety-adverse-reactions.svg]
[www.entyviohcp.com/Content/images/icons/safety-irrs.svg]
[www.entyviohcp.com/Content/images/icons/iv-week-0.svg]
[www.entyviohcp.com/Content/images/icons/iv-week-2.svg]
[www.entyviohcp.com/Content/images/icons/iv-week-6.svg]
[www.entyviohcp.com/Content/images/icons/iv-q8w.svg]
[www.entyviohcp.com/Content/images/icons/iv-bag.svg]
[www.entyviohcp.com/Content/images/icons/monitoring.svg]
[www.entyviohcp.com/Content/images/icons/rx.svg]
[www.entyviohcp.com/Content/images/icons/clipboard.svg]
[www.entyviohcp.com/Content/images/logos/logo-entyvioconnect.svg]
[www.entyviohcp.com/Content/images/graphics/entyvioconnect_affordability.png]
[www.entyviohcp.com/Content/pdf/Entyvio-Co-Pay-Claim-Form.pdf]
[www.entyviohcp.com/Content/pdf/Entyvio-Patient-Assistance-Program-Form.pdf]
[www.entyviohcp.com/access-support/affordability.html]
[www.entyviohcp.com/Content/images/graphics/entyvioconnect_patient_education.png]
[www.entyviohcp.com/Content/pdf/EntyvioConnect-Enrollment-Guide.pdf]
[www.entyviohcp.com/access-support/patient-education.html]
[www.entyviohcp.com/access-support/forms-resources.html]
[www.entyviohcp.com/Content/images/icons/ec-phone.svg]
[www.entyviohcp.com/Content/images/icons/download-small.svg]
[www.entyviohcp.com/local-coverage/_next/static/css/0f32b86eab8f4208ba22.css]
[www.entyviohcp.com/local-coverage/_next/static/media/Gotham-Black.e063c82e58772f0d06a2b5b725d15808.eot]
[www.entyviohcp.com/local-coverage/_next/static/media/Gotham-Black.0ac84130016d4da75f2bc31bfe8c1cd3.woff2]
[www.entyviohcp.com/local-coverage/_next/static/media/Gotham-Black.52e0e0adcc21fafba0103d32f3a83956.woff]
[www.entyviohcp.com/local-coverage/_next/static/media/Gotham-Black.d3bedf43983da4d64a505e5a304b9621.ttf]
[www.entyviohcp.com/local-coverage/_next/static/media/Gotham-Black.e19fe5d7c0bd6e6a96d385b02abdf470.svg]
[www.entyviohcp.com/local-coverage/_next/static/media/Gotham-Bold.a82eca0d9426e6df2e123ad687db51d0.eot]
[www.entyviohcp.com/local-coverage/_next/static/media/Gotham-Bold.ec5470410e2715648745bfb03a45b17b.woff2]
[www.entyviohcp.com/local-coverage/_next/static/media/Gotham-Bold.8e3de281e88f5dd616c8ee40eb274490.woff]
[www.entyviohcp.com/local-coverage/_next/static/media/Gotham-Bold.881d8f3ef8a107be0a283789f4e378c6.ttf]
[www.entyviohcp.com/local-coverage/_next/static/media/Gotham-Bold.c945c21e3db6ad6720984cab50506e71.svg]
[www.entyviohcp.com/local-coverage/_next/static/media/Gotham-Book.996a0d7cddf77162a13eaf149bb0862c.eot]
[www.entyviohcp.com/local-coverage/_next/static/media/Gotham-Book.66b693494ba71cdfb185a1ed3cef9656.woff2]
[www.entyviohcp.com/local-coverage/_next/static/media/Gotham-Book.759824fa2422d8e48e252aeea3a71263.woff]
[www.entyviohcp.com/local-coverage/_next/static/media/Gotham-Book.f6949d90fa16f31ea7e87954eb722378.ttf]
[www.entyviohcp.com/local-coverage/_next/static/media/Gotham-Book.a007f5385d9bbb83de0c7a39658375be.svg]
[www.entyviohcp.com/local-coverage/_next/static/media/GothamMedium.ea42b48b4d0776b6cbb1ef653a89afd3.eot]
[www.entyviohcp.com/local-coverage/_next/static/media/GothamMedium.b0b389070f6083d070afd7344fa3f199.woff2]
[www.entyviohcp.com/local-coverage/_next/static/media/GothamMedium.c569363bfa242a093457fa1db7780a52.woff]
[www.entyviohcp.com/local-coverage/_next/static/media/GothamMedium.cc704b4d6a9519984eca5302053fc21f.ttf]
[www.entyviohcp.com/local-coverage/_next/static/css/97b3dddfef7c0134e510.css]
[www.entyviohcp.com/local-coverage/_next/static/media/GothamMedium.84b9fdf3743fa9025e0b207d0b618e4f.svg]
[www.entyviohcp.com/local-coverage/get]
[assets.adobedtm.com/8fee56b0a165/6889643c630d/launch-77f46a9f3347-development.min.js]
[www.entyviohcp.com/Trident.html]
[www.entyviohcp.com/local-coverage/_next/static/media/Gotham-Black.e19fe5d7c0bd6e6a96d385b02abdf470.svg]
[www.entyviohcp.com/local-coverage/_next/static/media/Gotham-Bold.c945c21e3db6ad6720984cab50506e71.svg]
[www.entyviohcp.com/local-coverage/_next/static/media/Gotham-Book.a007f5385d9bbb83de0c7a39658375be.svg]
[www.entyviohcp.com/local-coverage/_next/static/media/GothamMedium.84b9fdf3743fa9025e0b207d0b618e4f.svg]
[www.entyviohcp.com/local-coverage/Trident.c0.delayed]
[www.entyviohcp.com/local-coverage/Trident/index.html]
[www.entyviohcp.com/local-coverage/get.html]
[www.entyviohcp.com/local-coverage/Trident.html]
[cdn.pullthrough.tools/CommercialSite/js/PFV33b2.js]
